#
# There is insufficient memory for the Java Runtime Environment to continue.
# Native memory allocation (mmap) failed to map 266338304 bytes. Error detail: G1 virtual space
# Possible reasons:
#   The system is out of physical RAM or swap space
#   This process is running with CompressedOops enabled, and the Java Heap may be blocking the growth of the native heap
# Possible solutions:
#   Reduce memory load on the system
#   Increase physical memory or swap space
#   Check if swap backing store is full
#   Decrease Java heap size (-Xmx/-Xms)
#   Decrease number of Java threads
#   Decrease Java thread stack sizes (-Xss)
#   Set larger code cache with -XX:ReservedCodeCacheSize=
#   JVM is running with Zero Based Compressed Oops mode in which the Java heap is
#     placed in the first 32GB address space. The Java Heap base address is the
#     maximum limit for the native heap growth. Please use -XX:HeapBaseMinAddress
#     to set the Java Heap base and to place the Java Heap above 32GB virtual address.
# This output file may be truncated or incomplete.
#
#  Out of Memory Error (os_windows.cpp:3618), pid=26728, tid=29328
#
# JRE version:  (17.0.18+8) (build )
# Java VM: OpenJDK 64-Bit Server VM (17.0.18+8, mixed mode, emulated-client, sharing, tiered, compressed oops, compressed class ptrs, g1 gc, windows-amd64)
# No core dump will be written. Minidumps are not enabled by default on client versions of Windows
#

---------------  S U M M A R Y ------------

Command Line: -XX:TieredStopAtLevel=1 com.taller.sae.SaeApplication

Host: Intel(R) Core(TM) i5-7200U CPU @ 2.50GHz, 4 cores, 15G,  Windows 10 , 64 bit Build 19041 (10.0.19041.5915)
Time: Mon May 18 23:31:54 2026 Hora estándar de Argentina elapsed time: 0.070922 seconds (0d 0h 0m 0s)

---------------  T H R E A D  ---------------

Current thread (0x000001922bcf87b0):  JavaThread "Unknown thread" [_thread_in_vm, id=29328, stack(0x0000004e49000000,0x0000004e49100000)]

Stack: [0x0000004e49000000,0x0000004e49100000]
Native frames: (J=compiled Java code, j=interpreted, Vv=VM code, C=native code)
V  [jvm.dll+0x6846f9]
V  [jvm.dll+0x839ea5]
V  [jvm.dll+0x83b91e]
V  [jvm.dll+0x83bfa3]
V  [jvm.dll+0x248eff]
V  [jvm.dll+0x6814b9]
V  [jvm.dll+0x6762ba]
V  [jvm.dll+0x309257]
V  [jvm.dll+0x310826]
V  [jvm.dll+0x360d9e]
V  [jvm.dll+0x360fdd]
V  [jvm.dll+0x2e02dc]
V  [jvm.dll+0x2e11e8]
V  [jvm.dll+0x80cd6b]
V  [jvm.dll+0x36ea21]
V  [jvm.dll+0x7eb945]
V  [jvm.dll+0x3f462b]
V  [jvm.dll+0x3f6111]
C  [jli.dll+0x52d0]
C  [ucrtbase.dll+0x21bb2]
C  [KERNEL32.DLL+0x17374]
C  [ntdll.dll+0x4cc91]


---------------  P R O C E S S  ---------------

Threads class SMR info:
_java_thread_list=0x00007ffd863e7f58, length=0, elements={
}

Java Threads: ( => current thread )

Other Threads:
  0x000001922bd63810 GCTaskThread "GC Thread#0" [stack: 0x0000004e49100000,0x0000004e49200000] [id=17144]
  0x000001922bd74560 ConcurrentGCThread "G1 Main Marker" [stack: 0x0000004e49200000,0x0000004e49300000] [id=28892]
  0x000001922bd74f80 ConcurrentGCThread "G1 Conc#0" [stack: 0x0000004e49300000,0x0000004e49400000] [id=28188]

[error occurred during error reporting (printing all threads), id 0xc0000005, EXCEPTION_ACCESS_VIOLATION (0xc0000005) at pc=0x00007ffd85ba0e07]

VM state: not at safepoint (not fully initialized)

VM Mutex/Monitor currently owned by a thread:  ([mutex/lock_event])
[0x000001922bcf5770] Heap_lock - owner thread: 0x000001922bcf87b0

Heap address: 0x0000000702000000, size: 4064 MB, Compressed Oops mode: Zero based, Oop shift amount: 3

CDS archive(s) mapped at: [0x0000000000000000-0x0000000000000000-0x0000000000000000), size 0, SharedBaseAddress: 0x0000000800000000, ArchiveRelocationMode: 1.
Narrow klass base: 0x0000000000000000, Narrow klass shift: 0, Narrow klass range: 0x0

GC Precious Log:
<Empty>

Heap:
 garbage-first heap   total 0K, used 0K [0x0000000702000000, 0x0000000800000000)
  region size 2048K, 0 young (0K), 0 survivors (0K)

[error occurred during error reporting (printing heap information), id 0xc0000005, EXCEPTION_ACCESS_VIOLATION (0xc0000005) at pc=0x00007ffd85f8dd09]

GC Heap History (0 events):
No events

Dll operation events (1 events):
Event: 0.016 Loaded shared library F:\jdk-17\bin\java.dll

Deoptimization events (0 events):
No events

Classes loaded (0 events):
No events

Classes unloaded (0 events):
No events

Classes redefined (0 events):
No events

Internal exceptions (0 events):
No events

VM Operations (0 events):
No events

Memory protections (0 events):
No events

Nmethod flushes (0 events):
No events

Events (0 events):
No events


Dynamic libraries:
0x00007ff793f50000 - 0x00007ff793f5e000 	F:\jdk-17\bin\java.exe
0x00007ffe6c2f0000 - 0x00007ffe6c4e8000 	C:\Windows\SYSTEM32\ntdll.dll
0x00007ffe6b3a0000 - 0x00007ffe6b462000 	C:\Windows\System32\KERNEL32.DLL
0x00007ffe69b80000 - 0x00007ffe69e76000 	C:\Windows\System32\KERNELBASE.dll
0x00007ffe6a080000 - 0x00007ffe6a180000 	C:\Windows\System32\ucrtbase.dll
0x00007ffe3ecb0000 - 0x00007ffe3ecc8000 	F:\jdk-17\bin\jli.dll
0x00007ffe6c020000 - 0x00007ffe6c1c1000 	C:\Windows\System32\USER32.dll
0x00007ffe6a2e0000 - 0x00007ffe6a302000 	C:\Windows\System32\win32u.dll
0x00007ffe6a310000 - 0x00007ffe6a33b000 	C:\Windows\System32\GDI32.dll
0x00007ffe69f60000 - 0x00007ffe6a079000 	C:\Windows\System32\gdi32full.dll
0x00007ffe69980000 - 0x00007ffe69a1d000 	C:\Windows\System32\msvcp_win.dll
0x00007ffe3cb00000 - 0x00007ffe3cb1e000 	F:\jdk-17\bin\VCRUNTIME140.dll
0x00007ffe54990000 - 0x00007ffe54c2b000 	C:\Windows\WinSxS\amd64_microsoft.windows.common-controls_6595b64144ccf1df_6.0.19041.6456_none_60b8a6cb71f64256\COMCTL32.dll
0x00007ffe6bf80000 - 0x00007ffe6c01e000 	C:\Windows\System32\msvcrt.dll
0x00007ffe6b580000 - 0x00007ffe6b5af000 	C:\Windows\System32\IMM32.DLL
0x00007ffe66f90000 - 0x00007ffe66f9c000 	F:\jdk-17\bin\vcruntime140_1.dll
0x00007ffe10de0000 - 0x00007ffe10e6d000 	F:\jdk-17\bin\msvcp140.dll
0x00007ffd858b0000 - 0x00007ffd8651b000 	F:\jdk-17\bin\server\jvm.dll
0x00007ffe6bd90000 - 0x00007ffe6be41000 	C:\Windows\System32\ADVAPI32.dll
0x00007ffe6bee0000 - 0x00007ffe6bf7f000 	C:\Windows\System32\sechost.dll
0x00007ffe6a930000 - 0x00007ffe6aa50000 	C:\Windows\System32\RPCRT4.dll
0x00007ffe69ad0000 - 0x00007ffe69af7000 	C:\Windows\System32\bcrypt.dll
0x00007ffe6a4e0000 - 0x00007ffe6a54b000 	C:\Windows\System32\WS2_32.dll
0x00007ffe68ed0000 - 0x00007ffe68f1b000 	C:\Windows\SYSTEM32\POWRPROF.dll
0x00007ffe54c40000 - 0x00007ffe54c67000 	C:\Windows\SYSTEM32\WINMM.dll
0x00007ffe61370000 - 0x00007ffe6137a000 	C:\Windows\SYSTEM32\VERSION.dll
0x00007ffe68d40000 - 0x00007ffe68d52000 	C:\Windows\SYSTEM32\UMPDC.dll
0x00007ffe677b0000 - 0x00007ffe677c2000 	C:\Windows\SYSTEM32\kernel.appcore.dll
0x00007ffe527c0000 - 0x00007ffe527ca000 	F:\jdk-17\bin\jimage.dll
0x00007ffe4fc10000 - 0x00007ffe4fe11000 	C:\Windows\SYSTEM32\DBGHELP.DLL
0x00007ffe512e0000 - 0x00007ffe51314000 	C:\Windows\SYSTEM32\dbgcore.DLL
0x00007ffe69ed0000 - 0x00007ffe69f52000 	C:\Windows\System32\bcryptPrimitives.dll
0x00007ffe10c60000 - 0x00007ffe10c85000 	F:\jdk-17\bin\java.dll

dbghelp: loaded successfully - version: 4.0.5 - missing functions: none
symbol engine: initialized successfully - sym options: 0x614 - pdb path: .;F:\jdk-17\bin;C:\Windows\SYSTEM32;C:\Windows\WinSxS\amd64_microsoft.windows.common-controls_6595b64144ccf1df_6.0.19041.6456_none_60b8a6cb71f64256;F:\jdk-17\bin\server

VM Arguments:
jvm_args: -XX:TieredStopAtLevel=1 
java_command: com.taller.sae.SaeApplication
java_class_path (initial): F:\Proyectos\sae\backend\target\classes;F:\maven-repo\org\springframework\boot\spring-boot\3.2.5\spring-boot-3.2.5.jar;F:\maven-repo\org\springframework\boot\spring-boot-autoconfigure\3.2.5\spring-boot-autoconfigure-3.2.5.jar;F:\maven-repo\ch\qos\logback\logback-classic\1.4.14\logback-classic-1.4.14.jar;F:\maven-repo\ch\qos\logback\logback-core\1.4.14\logback-core-1.4.14.jar;F:\maven-repo\org\apache\logging\log4j\log4j-to-slf4j\2.21.1\log4j-to-slf4j-2.21.1.jar;F:\maven-repo\org\apache\logging\log4j\log4j-api\2.21.1\log4j-api-2.21.1.jar;F:\maven-repo\org\slf4j\jul-to-slf4j\2.0.13\jul-to-slf4j-2.0.13.jar;F:\maven-repo\jakarta\annotation\jakarta.annotation-api\2.1.1\jakarta.annotation-api-2.1.1.jar;F:\maven-repo\org\yaml\snakeyaml\2.2\snakeyaml-2.2.jar;F:\maven-repo\com\fasterxml\jackson\datatype\jackson-datatype-jdk8\2.15.4\jackson-datatype-jdk8-2.15.4.jar;F:\maven-repo\com\fasterxml\jackson\datatype\jackson-datatype-jsr310\2.15.4\jackson-datatype-jsr310-2.15.4.jar;F:\maven-repo\com\fasterxml\jackson\module\jackson-module-parameter-names\2.15.4\jackson-module-parameter-names-2.15.4.jar;F:\maven-repo\org\apache\tomcat\embed\tomcat-embed-core\10.1.20\tomcat-embed-core-10.1.20.jar;F:\maven-repo\org\apache\tomcat\embed\tomcat-embed-websocket\10.1.20\tomcat-embed-websocket-10.1.20.jar;F:\maven-repo\org\springframework\spring-web\6.1.6\spring-web-6.1.6.jar;F:\maven-repo\org\springframework\spring-beans\6.1.6\spring-beans-6.1.6.jar;F:\maven-repo\io\micrometer\micrometer-observation\1.12.5\micrometer-observation-1.12.5.jar;F:\maven-repo\io\micrometer\micrometer-commons\1.12.5\micrometer-commons-1.12.5.jar;F:\maven-repo\org\springframework\spring-webmvc\6.1.6\spring-webmvc-6.1.6.jar;F:\maven-repo\org\springframework\spring-context\6.1.6\spring-context-6.1.6.jar;F:\maven-repo\org\springframework\spring-expression\6.1.6\spring-expression-6.1.6.jar;F:\maven-repo\org\aspectj\aspectjweaver\1.9.22\aspectjweaver-1.9.22.jar;F:\maven-repo\com\zaxxer\HikariC
Launcher Type: SUN_STANDARD

[Global flags]
     intx CICompilerCount                          = 3                                         {product} {ergonomic}
     uint ConcGCThreads                            = 1                                         {product} {ergonomic}
     uint G1ConcRefinementThreads                  = 4                                         {product} {ergonomic}
   size_t G1HeapRegionSize                         = 2097152                                   {product} {ergonomic}
    uintx GCDrainStackTargetSize                   = 64                                        {product} {ergonomic}
   size_t InitialHeapSize                          = 266338304                                 {product} {ergonomic}
   size_t MarkStackSize                            = 4194304                                   {product} {ergonomic}
   size_t MaxHeapSize                              = 4261412864                                {product} {ergonomic}
   size_t MinHeapDeltaBytes                        = 2097152                                   {product} {ergonomic}
   size_t MinHeapSize                              = 8388608                                   {product} {ergonomic}
    uintx NonProfiledCodeHeapSize                  = 0                                      {pd product} {ergonomic}
     bool ProfileInterpreter                       = false                                  {pd product} {command line}
    uintx ProfiledCodeHeapSize                     = 0                                      {pd product} {ergonomic}
   size_t SoftMaxHeapSize                          = 4261412864                             {manageable} {ergonomic}
     intx TieredStopAtLevel                        = 1                                         {product} {command line}
     bool UseCompressedClassPointers               = true                           {product lp64_product} {ergonomic}
     bool UseCompressedOops                        = true                           {product lp64_product} {ergonomic}
     bool UseG1GC                                  = true                                      {product} {ergonomic}
     bool UseLargePagesIndividualAllocation        = false                                  {pd product} {ergonomic}

Logging:
Log output configuration:
 #0: stdout all=warning uptime,level,tags
 #1: stderr all=off uptime,level,tags

Environment Variables:
JAVA_HOME=F:\jdk-17
PATH=C:\Users\54347\AppData\Local\Programs\Python\Python313\Scripts;C:\Users\54347\AppData\Local\Programs\Microsoft VS Code;F:\jdk-17\bin;C:\Program Files (x86)\Common Files\Oracle\Java\java8path;C:\Program Files (x86)\Common Files\Oracle\Java\javapath;C:\Program Files\Microsoft MPI\Bin\;C:\Windows\system32;C:\Windows;C:\Windows\System32\Wbem;C:\Windows\System32\WindowsPowerShell\v1.0\;C:\Windows\System32\OpenSSH\;C:\Program Files\Java\jdk1.8.0_301\bin;C:\Program Files (x86)\NVIDIA Corporation\PhysX\Common;C:\Program Files\NVIDIA Corporation\NVIDIA NvDLISR;C:\dev\apache-maven-3.8.1\bin;C:\Program Files\Git\cmd;C:\Program Files\Microsoft SQL Server\Client SDK\ODBC\170\Tools\Binn\;C:\Program Files (x86)\Microsoft SQL Server\150\Tools\Binn\;C:\Program Files\Microsoft SQL Server\150\Tools\Binn\;C:\Program Files\Microsoft SQL Server\150\DTS\Binn\;C:\Program Files (x86)\Microsoft SQL Server\150\DTS\Binn\;C:\Program Files\PuTTY\;C:\Program Files\OpenSSL-Win64\bin;C:\Users\54347\Documents\apache-maven-3.8.4\bin;C:\apache-ant-1.9.9\bin;C:\Program Files\nodejs\;C:\Users\54347\AppData\Local\Programs\Python\Python313\Scripts\;C:\Users\54347\AppData\Local\Programs\Python\Python313\;C:\Users\54347\AppData\Local\Programs\Python\Launcher\;C:\Users\54347\AppData\Local\Microsoft\WindowsApps;C:\dev\apache-maven-3.8.1\bin;C:\Program Files\Azure Data Studio\bin;C:\Program Files\Java\jdk1.8.0_301\bin;C:\Program Files\nodejs\;C:\Users\54347\AppData\Local\Programs\Microsoft VS Code\bin;C:\Users\54347\AppData\Roaming\npm;C:\Users\54347\.local\bin;
USERNAME=54347
OS=Windows_NT
PROCESSOR_IDENTIFIER=Intel64 Family 6 Model 142 Stepping 9, GenuineIntel
TMP=C:\Users\54347\AppData\Local\Temp
TEMP=C:\Users\54347\AppData\Local\Temp



Periodic native trim disabled


---------------  S Y S T E M  ---------------

OS:
 Windows 10 , 64 bit Build 19041 (10.0.19041.5915)
OS uptime: 2 days 6:03 hours
Hyper-V role detected

CPU: total 4 (initial active 4) (2 cores per cpu, 2 threads per core) family 6 model 142 stepping 9 microcode 0xb4, cx8, cmov, fxsr, ht, mmx, 3dnowpref, sse, sse2, sse3, ssse3, sse4.1, sse4.2, popcnt, lzcnt, tsc, tscinvbit, avx, avx2, aes, erms, clmul, bmi1, bmi2, adx, fma, vzeroupper, clflush, clflushopt, hv
Processor Information for all 4 processors :
  Max Mhz: 2701, Current Mhz: 2600, Mhz Limit: 2592

Memory: 4k page, system-wide physical 16252M (3923M free)
TotalPageFile size 26979M (AvailPageFile size 190M)
current process WorkingSet (physical memory assigned to process): 10M, peak: 10M
current process commit charge ("private bytes"): 47M, peak: 301M

vm_info: OpenJDK 64-Bit Server VM (17.0.18+8) for windows-amd64 JRE (17.0.18+8), built on Jan 20 2026 22:28:22 by "admin" with MS VC++ 17.12 (VS2022)

END.
