[INFO] Scanning for projects...
[INFO] 
[INFO] ---------------------------< com.taller:sae >---------------------------
[INFO] Building sae 0.0.1-SNAPSHOT
[INFO] --------------------------------[ jar ]---------------------------------
[INFO] 
[INFO] >>> spring-boot-maven-plugin:3.2.5:run (default-cli) > test-compile @ sae >>>
[INFO] 
[INFO] --- maven-resources-plugin:3.3.1:resources (default-resources) @ sae ---
[INFO] Copying 1 resource from src\main\resources to target\classes
[INFO] Copying 8 resources from src\main\resources to target\classes
[INFO] 
[INFO] --- maven-compiler-plugin:3.11.0:compile (default-compile) @ sae ---
[INFO] Nothing to compile - all classes are up to date
[INFO] 
[INFO] --- maven-resources-plugin:3.3.1:testResources (default-testResources) @ sae ---
[INFO] skip non existing resourceDirectory F:\Proyectos\sae\backend\src\test\resources
[INFO] 
[INFO] --- maven-compiler-plugin:3.11.0:testCompile (default-testCompile) @ sae ---
[INFO] Nothing to compile - all classes are up to date
[INFO] 
[INFO] <<< spring-boot-maven-plugin:3.2.5:run (default-cli) < test-compile @ sae <<<
[INFO] 
[INFO] 
[INFO] --- spring-boot-maven-plugin:3.2.5:run (default-cli) @ sae ---
[INFO] Attaching agents: []

  .   ____          _            __ _ _
 /\\ / ___'_ __ _ _(_)_ __  __ _ \ \ \ \
( ( )\___ | '_ | '_| | '_ \/ _` | \ \ \ \
 \\/  ___)| |_)| | | | | || (_| |  ) ) ) )
  '  |____| .__|_| |_|_| |_\__, | / / / /
 =========|_|==============|___/=/_/_/_/
 :: Spring Boot ::                (v3.2.5)

2026-05-20T00:15:39.270-03:00  INFO 12924 --- [sae] [           main] com.taller.sae.SaeApplication            : Starting SaeApplication using Java 17.0.18 with PID 12924 (F:\Proyectos\sae\backend\target\classes started by 54347 in F:\Proyectos\sae\backend)
2026-05-20T00:15:39.274-03:00  INFO 12924 --- [sae] [           main] com.taller.sae.SaeApplication            : No active profile set, falling back to 1 default profile: "default"
2026-05-20T00:15:40.568-03:00  INFO 12924 --- [sae] [           main] .s.d.r.c.RepositoryConfigurationDelegate : Bootstrapping Spring Data JPA repositories in DEFAULT mode.
2026-05-20T00:15:40.709-03:00  INFO 12924 --- [sae] [           main] .s.d.r.c.RepositoryConfigurationDelegate : Finished Spring Data repository scanning in 119 ms. Found 8 JPA repository interfaces.
2026-05-20T00:15:41.541-03:00  INFO 12924 --- [sae] [           main] o.s.b.w.embedded.tomcat.TomcatWebServer  : Tomcat initialized with port 8080 (http)
2026-05-20T00:15:41.556-03:00  INFO 12924 --- [sae] [           main] o.apache.catalina.core.StandardService   : Starting service [Tomcat]
2026-05-20T00:15:41.556-03:00  INFO 12924 --- [sae] [           main] o.apache.catalina.core.StandardEngine    : Starting Servlet engine: [Apache Tomcat/10.1.20]
2026-05-20T00:15:41.645-03:00  INFO 12924 --- [sae] [           main] o.a.c.c.C.[Tomcat].[localhost].[/]       : Initializing Spring embedded WebApplicationContext
2026-05-20T00:15:41.648-03:00  INFO 12924 --- [sae] [           main] w.s.c.ServletWebServerApplicationContext : Root WebApplicationContext: initialization completed in 2313 ms
2026-05-20T00:15:41.962-03:00  INFO 12924 --- [sae] [           main] com.zaxxer.hikari.HikariDataSource       : HikariPool-1 - Starting...
2026-05-20T00:15:42.424-03:00  INFO 12924 --- [sae] [           main] com.zaxxer.hikari.pool.HikariPool        : HikariPool-1 - Added connection org.sqlite.jdbc4.JDBC4Connection@415ef4d8
2026-05-20T00:15:42.427-03:00  INFO 12924 --- [sae] [           main] com.zaxxer.hikari.HikariDataSource       : HikariPool-1 - Start completed.
2026-05-20T00:15:42.512-03:00  INFO 12924 --- [sae] [           main] o.f.c.internal.license.VersionPrinter    : Flyway Community Edition 9.22.3 by Redgate
2026-05-20T00:15:42.512-03:00  INFO 12924 --- [sae] [           main] o.f.c.internal.license.VersionPrinter    : See release notes here: https://rd.gt/416ObMi
2026-05-20T00:15:42.512-03:00  INFO 12924 --- [sae] [           main] o.f.c.internal.license.VersionPrinter    : 
2026-05-20T00:15:42.528-03:00  INFO 12924 --- [sae] [           main] org.flywaydb.core.FlywayExecutor         : Database: jdbc:sqlite:./data/taller.db (SQLite 3.45)
2026-05-20T00:15:42.569-03:00  INFO 12924 --- [sae] [           main] o.f.core.internal.command.DbValidate     : Successfully validated 2 migrations (execution time 00:00.020s)
2026-05-20T00:15:42.578-03:00  INFO 12924 --- [sae] [           main] o.f.core.internal.command.DbMigrate      : Current version of schema "main": 2
2026-05-20T00:15:42.581-03:00  INFO 12924 --- [sae] [           main] o.f.core.internal.command.DbMigrate      : Schema "main" is up to date. No migration necessary.
2026-05-20T00:15:43.416-03:00  INFO 12924 --- [sae] [           main] o.hibernate.jpa.internal.util.LogHelper  : HHH000204: Processing PersistenceUnitInfo [name: default]
2026-05-20T00:15:43.740-03:00  INFO 12924 --- [sae] [           main] org.hibernate.Version                    : HHH000412: Hibernate ORM core version 6.4.4.Final
2026-05-20T00:15:43.889-03:00  INFO 12924 --- [sae] [           main] o.h.c.internal.RegionFactoryInitiator    : HHH000026: Second-level cache disabled
2026-05-20T00:15:44.625-03:00  INFO 12924 --- [sae] [           main] o.s.o.j.p.SpringPersistenceUnitInfo      : No LoadTimeWeaver setup: ignoring JPA class transformer
2026-05-20T00:15:46.944-03:00  INFO 12924 --- [sae] [           main] o.h.e.t.j.p.i.JtaPlatformInitiator       : HHH000489: No JTA platform available (set 'hibernate.transaction.jta.platform' to enable JTA platform integration)
2026-05-20T00:15:46.947-03:00  INFO 12924 --- [sae] [           main] j.LocalContainerEntityManagerFactoryBean : Initialized JPA EntityManagerFactory for persistence unit 'default'
2026-05-20T00:15:47.659-03:00  INFO 12924 --- [sae] [           main] o.s.d.j.r.query.QueryEnhancerFactory     : Hibernate is in classpath; If applicable, HQL parser will be used.
2026-05-20T00:15:48.446-03:00  WARN 12924 --- [sae] [           main] JpaBaseConfiguration$JpaWebConfiguration : spring.jpa.open-in-view is enabled by default. Therefore, database queries may be performed during view rendering. Explicitly configure spring.jpa.open-in-view to disable this warning
2026-05-20T00:15:48.546-03:00  INFO 12924 --- [sae] [           main] o.s.b.a.w.s.WelcomePageHandlerMapping    : Adding welcome page: class path resource [static/index.html]
2026-05-20T00:15:48.798-03:00  INFO 12924 --- [sae] [           main] o.s.s.web.DefaultSecurityFilterChain     : Will secure any request with [org.springframework.security.web.session.DisableEncodeUrlFilter@22781286, org.springframework.security.web.context.request.async.WebAsyncManagerIntegrationFilter@11564455, org.springframework.security.web.context.SecurityContextHolderFilter@1018552d, org.springframework.security.web.header.HeaderWriterFilter@7d1b96b9, org.springframework.web.filter.CorsFilter@173c0722, org.springframework.security.web.authentication.logout.LogoutFilter@5aa026e9, com.taller.sae.config.JwtAuthFilter@42257df7, org.springframework.security.web.savedrequest.RequestCacheAwareFilter@2d2afbdf, org.springframework.security.web.servletapi.SecurityContextHolderAwareRequestFilter@6cb2d5ea, org.springframework.security.web.authentication.AnonymousAuthenticationFilter@12e3cf1c, org.springframework.security.web.session.SessionManagementFilter@6f915016, org.springframework.security.web.access.ExceptionTranslationFilter@58d635de, org.springframework.security.web.access.intercept.AuthorizationFilter@2da3d7d3]
2026-05-20T00:15:49.187-03:00  WARN 12924 --- [sae] [           main] ConfigServletWebServerApplicationContext : Exception encountered during context initialization - cancelling refresh attempt: org.springframework.context.ApplicationContextException: Failed to start bean 'webServerStartStop'
2026-05-20T00:15:49.194-03:00  INFO 12924 --- [sae] [           main] j.LocalContainerEntityManagerFactoryBean : Closing JPA EntityManagerFactory for persistence unit 'default'
2026-05-20T00:15:49.203-03:00  INFO 12924 --- [sae] [           main] com.zaxxer.hikari.HikariDataSource       : HikariPool-1 - Shutdown initiated...
2026-05-20T00:15:49.213-03:00  INFO 12924 --- [sae] [           main] com.zaxxer.hikari.HikariDataSource       : HikariPool-1 - Shutdown completed.
2026-05-20T00:15:49.258-03:00  INFO 12924 --- [sae] [           main] .s.b.a.l.ConditionEvaluationReportLogger : 

Error starting ApplicationContext. To display the condition evaluation report re-run your application with 'debug' enabled.
2026-05-20T00:15:49.325-03:00 ERROR 12924 --- [sae] [           main] o.s.b.d.LoggingFailureAnalysisReporter   : 

***************************
APPLICATION FAILED TO START
***************************

Description:

Web server failed to start. Port 8080 was already in use.

Action:

Identify and stop the process that's listening on port 8080 or configure this application to listen on another port.

[INFO] ------------------------------------------------------------------------
[INFO] BUILD FAILURE
[INFO] ------------------------------------------------------------------------
[INFO] Total time:  14.386 s
[INFO] Finished at: 2026-05-20T00:15:49-03:00
[INFO] ------------------------------------------------------------------------
[ERROR] Failed to execute goal org.springframework.boot:spring-boot-maven-plugin:3.2.5:run (default-cli) on project sae: Process terminated with exit code: 1 -> [Help 1]
[ERROR] 
[ERROR] To see the full stack trace of the errors, re-run Maven with the -e switch.
[ERROR] Re-run Maven using the -X switch to enable full debug logging.
[ERROR] 
[ERROR] For more information about the errors and possible solutions, please read the following articles:
[ERROR] [Help 1] http://cwiki.apache.org/confluence/display/MAVEN/MojoExecutionException
